should create a ingress:
  1: |
    apiVersion: networking.k8s.io/v1
    kind: Ingress
    metadata:
      annotations:
        redundaunt: router3
      labels:
        app.kubernetes.io/instance: metagrid
        app.kubernetes.io/managed-by: Helm
        app.kubernetes.io/name: metagrid
        app.kubernetes.io/version: v1.0.0
        helm.sh/chart: metagrid-v1.0.0
        router: main
      name: metagrid
    spec:
      ingressClassName: traefik
      rules:
        - host: metagrid.neworg.io
          http:
            paths:
              - backend:
                  service:
                    name: metagrid-frontend
                    port:
                      number: 8080
                path: /
                pathType: ImplementationSpecific
              - backend:
                  service:
                    name: metagrid-backend
                    port:
                      number: 5000
                path: /frontend-config.js
                pathType: ImplementationSpecific
              - backend:
                  service:
                    name: metagrid-backend
                    port:
                      number: 5000
                path: /api
                pathType: ImplementationSpecific
              - backend:
                  service:
                    name: metagrid-backend
                    port:
                      number: 5000
                path: /accounts
                pathType: ImplementationSpecific
              - backend:
                  service:
                    name: metagrid-backend
                    port:
                      number: 5000
                path: /account-confirm-email
                pathType: ImplementationSpecific
              - backend:
                  service:
                    name: metagrid-backend
                    port:
                      number: 5000
                path: /proxy
                pathType: ImplementationSpecific
              - backend:
                  service:
                    name: metagrid-backend
                    port:
                      number: 5000
                path: /tempStorage
                pathType: ImplementationSpecific
              - backend:
                  service:
                    name: metagrid-backend
                    port:
                      number: 5000
                path: /login
                pathType: ImplementationSpecific
              - backend:
                  service:
                    name: metagrid-backend
                    port:
                      number: 5000
                path: /complete
                pathType: ImplementationSpecific
              - backend:
                  service:
                    name: metagrid-backend
                    port:
                      number: 5000
                path: /globus
                pathType: ImplementationSpecific
      tls:
        - hosts:
            - metagrid.neworg.io
            - metagrid-backup.neworg.io
          secretName: metagrid-ingress-cert
