should create a default service:
  1: |
    apiVersion: v1
    kind: Service
    metadata:
      labels:
        app.kubernetes.io/component: database
        app.kubernetes.io/instance: metagrid
        app.kubernetes.io/managed-by: Helm
        app.kubernetes.io/name: metagrid
        app.kubernetes.io/version: v1.0.0
        helm.sh/chart: metagrid-v1.0.0
      name: metagrid-postgresql
    spec:
      ports:
        - name: db
          port: 5432
          protocol: TCP
          targetPort: db
      selector:
        app.kubernetes.io/component: database
        app.kubernetes.io/instance: metagrid
        app.kubernetes.io/name: metagrid
      type: null
